Reading netlist file: "/home/jonny/Desktop/Code/FPGA/i2c_example/impl/gwsynthesis/i2c_example.vg"
Parsing netlist file "/home/jonny/Desktop/Code/FPGA/i2c_example/impl/gwsynthesis/i2c_example.vg" completed
Processing netlist completed
Reading constraint file: "/home/jonny/Desktop/Code/FPGA/i2c_example/src/tangnano9k.cst"
Physical Constraint parsed completed
Running placement......
[10%] Placement Phase 0 completed
[20%] Placement Phase 1 completed
[30%] Placement Phase 2 completed
WARN  (TA1132) :  'clk' was determined to be a clock but was not created.
[50%] Placement Phase 3 completed
Running routing......
[60%] Routing Phase 0 completed
[70%] Routing Phase 1 completed
[80%] Routing Phase 2 completed
[90%] Routing Phase 3 completed
Running timing analysis......
[95%] Timing analysis completed
Placement and routing completed
Bitstream generation in progress......
Bitstream generation completed
Running power analysis......
[100%] Power analysis completed
Generate file "/home/jonny/Desktop/Code/FPGA/i2c_example/impl/pnr/i2c_example.power.html" completed
Generate file "/home/jonny/Desktop/Code/FPGA/i2c_example/impl/pnr/i2c_example.pin.html" completed
Generate file "/home/jonny/Desktop/Code/FPGA/i2c_example/impl/pnr/i2c_example.rpt.html" completed
Generate file "/home/jonny/Desktop/Code/FPGA/i2c_example/impl/pnr/i2c_example.rpt.txt" completed
Generate file "/home/jonny/Desktop/Code/FPGA/i2c_example/impl/pnr/i2c_example.tr.html" completed
Sun May  3 20:47:08 2026

