GowinSynthesis start
Running parser ...
Analyzing Verilog file '/home/jonny/Desktop/Code/FPGA/i2c_example/src/i2c_master.sv'
Analyzing Verilog file '/home/jonny/Desktop/Code/FPGA/i2c_example/src/top.sv'
Compiling module 'top'("/home/jonny/Desktop/Code/FPGA/i2c_example/src/top.sv":1)
Compiling module 'i2c_master(BYTE=8'hFC)'("/home/jonny/Desktop/Code/FPGA/i2c_example/src/i2c_master.sv":1)
WARN  (EX3791) : Expression size 25 truncated to fit in target size 24("/home/jonny/Desktop/Code/FPGA/i2c_example/src/i2c_master.sv":42)
WARN  (EX3791) : Expression size 32 truncated to fit in target size 3("/home/jonny/Desktop/Code/FPGA/i2c_example/src/i2c_master.sv":91)
WARN  (EX3791) : Expression size 32 truncated to fit in target size 3("/home/jonny/Desktop/Code/FPGA/i2c_example/src/i2c_master.sv":125)
NOTE  (EX0101) : Current top module is "top"
[5%] Running netlist conversion ...
Running device independent optimization ...
[10%] Optimizing Phase 0 completed
[15%] Optimizing Phase 1 completed
[25%] Optimizing Phase 2 completed
Running inference ...
[30%] Inferring Phase 0 completed
[40%] Inferring Phase 1 completed
[50%] Inferring Phase 2 completed
[55%] Inferring Phase 3 completed
Running technical mapping ...
[60%] Tech-Mapping Phase 0 completed
[65%] Tech-Mapping Phase 1 completed
[75%] Tech-Mapping Phase 2 completed
[80%] Tech-Mapping Phase 3 completed
[90%] Tech-Mapping Phase 4 completed
[95%] Generate netlist file "/home/jonny/Desktop/Code/FPGA/i2c_example/impl/gwsynthesis/i2c_example.vg" completed
[100%] Generate report file "/home/jonny/Desktop/Code/FPGA/i2c_example/impl/gwsynthesis/i2c_example_syn.rpt.html" completed
GowinSynthesis finish
